../Core/Src/main.c:117:6:HAL_CAN_RxFifo0MsgPendingCallback	16	static
../Core/Src/main.c:130:5:_write	24	static
../Core/Src/main.c:136:7:wrap_to_pi	24	static
../Core/Src/main.c:151:6:HAL_TIM_PeriodElapsedCallback	32	static
../Core/Src/main.c:221:5:main	8	static
../Core/Src/main.c:282:6:SystemClock_Config	96	static
../Core/Src/main.c:327:13:MX_CAN1_Init	48	static
../Core/Src/main.c:379:13:MX_SPI1_Init	8	static
../Core/Src/main.c:419:13:MX_TIM6_Init	24	static
../Core/Src/main.c:457:13:MX_USART1_UART_Init	8	static
../Core/Src/main.c:492:13:MX_USART2_UART_Init	8	static
../Core/Src/main.c:527:13:MX_GPIO_Init	32	static
../Core/Src/main.c:554:6:Error_Handler	4	static,ignoring_inline_asm
