../Src/main.c:100:5:Debug_UART_Get_Byte	4	static
../Src/main.c:107:6:HAL_TIM_PeriodElapsedCallback	16	static
../Src/main.c:158:5:main	8	static
../Src/main.c:236:6:SystemClock_Config	88	static
../Src/main.c:283:13:MX_ADC1_Init	24	static
../Src/main.c:335:13:MX_CAN1_Init	48	static
../Src/main.c:395:13:MX_TIM1_Init	80	static
../Src/main.c:460:13:MX_TIM6_Init	16	static
../Src/main.c:498:13:MX_USART2_UART_Init	8	static
../Src/main.c:531:13:MX_USART3_UART_Init	8	static
../Src/main.c:564:13:MX_USART6_UART_Init	8	static
../Src/main.c:597:13:MX_GPIO_Init	56	static
../Src/main.c:702:6:Error_Handler	8	static,ignoring_inline_asm
