../Core/Src/main.c:109:5:_write	24	static
../Core/Src/main.c:114:6:HAL_CAN_RxFifo0MsgPendingCallback	16	static
../Core/Src/main.c:130:7:wrap_to_pi	24	static
../Core/Src/main.c:145:6:HAL_TIM_PeriodElapsedCallback	32	static
../Core/Src/main.c:203:5:main	8	static
../Core/Src/main.c:278:6:SystemClock_Config	96	static
../Core/Src/main.c:333:13:MX_CAN1_Init	48	static
../Core/Src/main.c:385:13:MX_TIM1_Init	96	static
../Core/Src/main.c:459:13:MX_TIM6_Init	24	static
../Core/Src/main.c:497:13:MX_USART2_UART_Init	8	static
../Core/Src/main.c:532:13:MX_GPIO_Init	40	static
../Core/Src/main.c:567:6:Error_Handler	4	static,ignoring_inline_asm
