../Core/Src/main.c:92:5:_write	24	static
../Core/Src/main.c:97:6:HAL_CAN_RxFifo0MsgPendingCallback	16	static
../Core/Src/main.c:111:6:HAL_TIM_PeriodElapsedCallback	16	static
../Core/Src/main.c:121:5:main	8	static
../Core/Src/main.c:241:6:SystemClock_Config	96	static
../Core/Src/main.c:296:13:MX_ADC1_Init	32	static
../Core/Src/main.c:354:13:MX_CAN1_Init	48	static
../Core/Src/main.c:406:13:MX_TIM1_Init	96	static
../Core/Src/main.c:476:13:MX_TIM6_Init	24	static
../Core/Src/main.c:514:13:MX_USART2_UART_Init	8	static
../Core/Src/main.c:549:13:MX_GPIO_Init	40	static
../Core/Src/main.c:588:6:Error_Handler	4	static,ignoring_inline_asm
